// Jest Snapshot v1, https://goo.gl/fbAQLP

exports[`Test Address input should check the snapshot 1`] = `
<eternal-address
  addressLookup="null"
  countries={[Function Array]}
  formBuilder={[Function FormBuilder]}
  title={[Function String]}
>
  <p>
    
  </p><form
    novalidate=""
  >
    <input
      data-test="street"
      formcontrolname="street"
      name="street"
      placeholder="street"
    />
    <input
      formcontrolname="streetNumber"
      name="streetNumber"
      placeholder="street number"
    />
    <input
      formcontrolname="zip"
      name="zip"
      placeholder="zip"
    />
    <input
      formcontrolname="city"
      name="city"
      placeholder="city"
    />
    <select
      formcontrolname="country"
    >
      
    </select>
    <button
      type="submit"
    >
      Submit
    </button>
  </form>
</eternal-address>
`;
