// Jest Snapshot v1, https://goo.gl/fbAQLP

exports[`RequestInfo Component should check the snapshot 1`] = `
<app-request-info
  address=""
  formBuilder={[Function FormBuilder]}
  formGroup={[Function FormGroup]}
  lookupResult$={[Function AnonymousSubject]}
  lookuper="null"
  submitter$={[Function Subject]}
  title={[Function String]}
>
  <h2>
    Request More Information
  </h2><p>
    Please fill in your address and below and we will send you a brochure with more information.
  </p><form
    class="ng-untouched ng-pristine ng-valid"
    novalidate=""
  >
    <p>
      <mat-form-field
        class="mat-form-field mat-primary mat-form-field-type-mat-input mat-form-field-appearance-legacy mat-form-field-can-float mat-form-field-has-label mat-form-field-hide-placeholder ng-untouched ng-pristine ng-valid _mat-animation-noopable"
      >
        <div
          class="mat-form-field-wrapper"
        >
          <div
            class="mat-form-field-flex"
          >
            
            
            <div
              class="mat-form-field-infix"
            >
              <input
                aria-describedby="mat-hint-4"
                aria-invalid="false"
                aria-required="false"
                class="mat-input-element mat-form-field-autofill-control ng-untouched ng-pristine ng-valid cdk-text-field-autofill-monitored"
                data-test="address"
                formcontrolname="address"
                matinput=""
              />
              <span
                class="mat-form-field-label-wrapper"
              >
                
                <label
                  class="mat-form-field-label mat-empty mat-form-field-empty"
                >
                  
                  
                  <mat-label>
                    Address
                  </mat-label>
                  
                  
                </label>
              </span>
            </div>
            
            <div
              class="mat-form-field-suffix"
            >
              <mat-icon
                aria-hidden="true"
                class="mat-icon notranslate material-icons mat-icon-no-color"
                data-mat-icon-type="font"
                matsuffix=""
                role="img"
              >
                location_on
              </mat-icon>
            </div>
          </div>
          
          <div
            class="mat-form-field-underline"
          >
            <span
              class="mat-form-field-ripple"
            />
          </div>
          <div
            class="mat-form-field-subscript-wrapper"
          >
            
            
            <div
              class="mat-form-field-hint-wrapper ng-trigger ng-trigger-transitionMessages"
              style="opacity:1;transform:translateY(0%);0:opacity;1:transform;"
            >
              
              <mat-hint
                class="mat-hint"
              >
                Please enter your address
              </mat-hint>
              <div
                class="mat-form-field-hint-spacer"
              />
            </div>
          </div>
        </div>
      </mat-form-field>
    </p>
    <button
      class="mat-focus-indicator mat-raised-button mat-button-base _mat-animation-noopable"
      data-test="btn-cancel"
      mat-raised-button=""
      type="button"
    >
      <span
        class="mat-button-wrapper"
      >
        Cancel
      </span>
      <span
        class="mat-button-ripple mat-ripple"
        matripple=""
      />
      <span
        class="mat-button-focus-overlay"
      />
    </button>
    <button
      class="mat-focus-indicator mat-raised-button mat-button-base mat-primary _mat-animation-noopable"
      color="primary"
      data-test="btn-search"
      mat-raised-button=""
      type="submit"
    >
      <span
        class="mat-button-wrapper"
      >
        Send
      </span>
      <span
        class="mat-button-ripple mat-ripple"
        matripple=""
      />
      <span
        class="mat-button-focus-overlay"
      />
    </button>
  </form>
</app-request-info>
`;
